Archive member included to satisfy reference by file (symbol)

c:/gmd/toolchain/arm_toolchain/bin/../lib/gcc/arm-none-eabi/8.3.1/../../../../arm-none-eabi/lib/thumb/v7-m/nofp\libg.a(lib_a-exit.o)
                              c:/gmd/toolchain/arm_toolchain/bin/../lib/gcc/arm-none-eabi/8.3.1/../../../../arm-none-eabi/lib/thumb/v7-m/nofp/crt0.o (exit)
c:/gmd/toolchain/arm_toolchain/bin/../lib/gcc/arm-none-eabi/8.3.1/../../../../arm-none-eabi/lib/thumb/v7-m/nofp\libg.a(lib_a-impure.o)
                              c:/gmd/toolchain/arm_toolchain/bin/../lib/gcc/arm-none-eabi/8.3.1/../../../../arm-none-eabi/lib/thumb/v7-m/nofp\libg.a(lib_a-exit.o) (_global_impure_ptr)
c:/gmd/toolchain/arm_toolchain/bin/../lib/gcc/arm-none-eabi/8.3.1/../../../../arm-none-eabi/lib/thumb/v7-m/nofp\libg.a(lib_a-init.o)
                              c:/gmd/toolchain/arm_toolchain/bin/../lib/gcc/arm-none-eabi/8.3.1/../../../../arm-none-eabi/lib/thumb/v7-m/nofp/crt0.o (__libc_init_array)
c:/gmd/toolchain/arm_toolchain/bin/../lib/gcc/arm-none-eabi/8.3.1/../../../../arm-none-eabi/lib/thumb/v7-m/nofp\libg.a(lib_a-memcpy.o)
                              ./FreeRTOS/queue.o (memcpy)
c:/gmd/toolchain/arm_toolchain/bin/../lib/gcc/arm-none-eabi/8.3.1/../../../../arm-none-eabi/lib/thumb/v7-m/nofp\libg.a(lib_a-memset.o)
                              c:/gmd/toolchain/arm_toolchain/bin/../lib/gcc/arm-none-eabi/8.3.1/../../../../arm-none-eabi/lib/thumb/v7-m/nofp/crt0.o (memset)
c:/gmd/toolchain/arm_toolchain/bin/../lib/gcc/arm-none-eabi/8.3.1/../../../../arm-none-eabi/lib/thumb/v7-m/nofp\libg.a(lib_a-sprintf.o)
                              ./USER/main.o (sprintf)
c:/gmd/toolchain/arm_toolchain/bin/../lib/gcc/arm-none-eabi/8.3.1/../../../../arm-none-eabi/lib/thumb/v7-m/nofp\libg.a(lib_a-svfprintf.o)
                              c:/gmd/toolchain/arm_toolchain/bin/../lib/gcc/arm-none-eabi/8.3.1/../../../../arm-none-eabi/lib/thumb/v7-m/nofp\libg.a(lib_a-sprintf.o) (_svfprintf_r)
c:/gmd/toolchain/arm_toolchain/bin/../lib/gcc/arm-none-eabi/8.3.1/../../../../arm-none-eabi/lib/thumb/v7-m/nofp\libg.a(lib_a-__call_atexit.o)
                              c:/gmd/toolchain/arm_toolchain/bin/../lib/gcc/arm-none-eabi/8.3.1/../../../../arm-none-eabi/lib/thumb/v7-m/nofp\libg.a(lib_a-exit.o) (__call_exitprocs)
c:/gmd/toolchain/arm_toolchain/bin/../lib/gcc/arm-none-eabi/8.3.1/../../../../arm-none-eabi/lib/thumb/v7-m/nofp\libg.a(lib_a-atexit.o)
                              c:/gmd/toolchain/arm_toolchain/bin/../lib/gcc/arm-none-eabi/8.3.1/../../../../arm-none-eabi/lib/thumb/v7-m/nofp\libg.a(lib_a-__call_atexit.o) (atexit)
c:/gmd/toolchain/arm_toolchain/bin/../lib/gcc/arm-none-eabi/8.3.1/../../../../arm-none-eabi/lib/thumb/v7-m/nofp\libg.a(lib_a-dtoa.o)
                              c:/gmd/toolchain/arm_toolchain/bin/../lib/gcc/arm-none-eabi/8.3.1/../../../../arm-none-eabi/lib/thumb/v7-m/nofp\libg.a(lib_a-svfprintf.o) (_dtoa_r)
c:/gmd/toolchain/arm_toolchain/bin/../lib/gcc/arm-none-eabi/8.3.1/../../../../arm-none-eabi/lib/thumb/v7-m/nofp\libg.a(lib_a-fini.o)
                              c:/gmd/toolchain/arm_toolchain/bin/../lib/gcc/arm-none-eabi/8.3.1/../../../../arm-none-eabi/lib/thumb/v7-m/nofp\libg.a(lib_a-__call_atexit.o) (__libc_fini_array)
c:/gmd/toolchain/arm_toolchain/bin/../lib/gcc/arm-none-eabi/8.3.1/../../../../arm-none-eabi/lib/thumb/v7-m/nofp\libg.a(lib_a-freer.o)
                              c:/gmd/toolchain/arm_toolchain/bin/../lib/gcc/arm-none-eabi/8.3.1/../../../../arm-none-eabi/lib/thumb/v7-m/nofp\libg.a(lib_a-svfprintf.o) (_free_r)
c:/gmd/toolchain/arm_toolchain/bin/../lib/gcc/arm-none-eabi/8.3.1/../../../../arm-none-eabi/lib/thumb/v7-m/nofp\libg.a(lib_a-localeconv.o)
                              c:/gmd/toolchain/arm_toolchain/bin/../lib/gcc/arm-none-eabi/8.3.1/../../../../arm-none-eabi/lib/thumb/v7-m/nofp\libg.a(lib_a-svfprintf.o) (_localeconv_r)
c:/gmd/toolchain/arm_toolchain/bin/../lib/gcc/arm-none-eabi/8.3.1/../../../../arm-none-eabi/lib/thumb/v7-m/nofp\libg.a(lib_a-lock.o)
                              c:/gmd/toolchain/arm_toolchain/bin/../lib/gcc/arm-none-eabi/8.3.1/../../../../arm-none-eabi/lib/thumb/v7-m/nofp\libg.a(lib_a-__call_atexit.o) (__retarget_lock_acquire_recursive)
c:/gmd/toolchain/arm_toolchain/bin/../lib/gcc/arm-none-eabi/8.3.1/../../../../arm-none-eabi/lib/thumb/v7-m/nofp\libg.a(lib_a-mallocr.o)
                              c:/gmd/toolchain/arm_toolchain/bin/../lib/gcc/arm-none-eabi/8.3.1/../../../../arm-none-eabi/lib/thumb/v7-m/nofp\libg.a(lib_a-svfprintf.o) (_malloc_r)
c:/gmd/toolchain/arm_toolchain/bin/../lib/gcc/arm-none-eabi/8.3.1/../../../../arm-none-eabi/lib/thumb/v7-m/nofp\libg.a(lib_a-memchr-stub.o)
                              c:/gmd/toolchain/arm_toolchain/bin/../lib/gcc/arm-none-eabi/8.3.1/../../../../arm-none-eabi/lib/thumb/v7-m/nofp\libg.a(lib_a-svfprintf.o) (memchr)
c:/gmd/toolchain/arm_toolchain/bin/../lib/gcc/arm-none-eabi/8.3.1/../../../../arm-none-eabi/lib/thumb/v7-m/nofp\libg.a(lib_a-mlock.o)
[...]
Memory Configuration

Name             Origin             Length             Attributes
FLASH            0x00000400         0x00010000         xr
RAM              0x20000000         0x00010000         xrw
*default*        0x00000000         0xffffffff

Linker script and memory map

LOAD c:/gmd/toolchain/arm_toolchain/bin/../lib/gcc/arm-none-eabi/8.3.1/thumb/v7-m/nofp/crti.o
LOAD c:/gmd/toolchain/arm_toolchain/bin/../lib/gcc/arm-none-eabi/8.3.1/thumb/v7-m/nofp/crtbegin.o
LOAD c:/gmd/toolchain/arm_toolchain/bin/../lib/gcc/arm-none-eabi/8.3.1/../../../../arm-none-eabi/lib/thumb/v7-m/nofp/crt0.o
LOAD ./USER/Common/source/ethernetWrapper.o
LOAD ./USER/Common/source/gpioWrapperr.o
LOAD ./USER/Common/source/uartWrapper.o
LOAD ./USER/GOWIN_M3_it.o
LOAD ./USER/main.o
LOAD ./SYSTEM/system_GOWIN_M3.o
LOAD ./STARTUP/startup_GOWIN_M3.o
LOAD ./PERIPHERALS/Sources/GOWIN_M3_ddr3.o
LOAD ./PERIPHERALS/Sources/GOWIN_M3_ethernet.o
LOAD ./PERIPHERALS/Sources/GOWIN_M3_gpio.o
LOAD ./PERIPHERALS/Sources/GOWIN_M3_i2c.o
LOAD ./PERIPHERALS/Sources/GOWIN_M3_misc.o
LOAD ./PERIPHERALS/Sources/GOWIN_M3_rtc.o
LOAD ./PERIPHERALS/Sources/GOWIN_M3_spi.o
LOAD ./PERIPHERALS/Sources/GOWIN_M3_spi_flash.o
LOAD ./PERIPHERALS/Sources/GOWIN_M3_timer.o
LOAD ./PERIPHERALS/Sources/GOWIN_M3_uart.o
LOAD ./PERIPHERALS/Sources/GOWIN_M3_wdog.o
LOAD ./FreeRTOS/portable/MemMang/heap_4.o
LOAD ./FreeRTOS/portable/GNU/ARM_CM3/port.o
LOAD ./FreeRTOS/croutine.o
LOAD ./FreeRTOS/event_groups.o
LOAD ./FreeRTOS/list.o
LOAD ./FreeRTOS/queue.o
LOAD ./FreeRTOS/stream_buffer.o
LOAD ./FreeRTOS/tasks.o
LOAD ./FreeRTOS/timers.o
LOAD ./CORE/core_cm3.o
START GROUP
LOAD c:/gmd/toolchain/arm_toolchain/bin/../lib/gcc/arm-none-eabi/8.3.1/thumb/v7-m/nofp\libgcc.a
LOAD c:/gmd/toolchain/arm_toolchain/bin/../lib/gcc/arm-none-eabi/8.3.1/../../../../arm-none-eabi/lib/thumb/v7-m/nofp\libg.a
LOAD c:/gmd/toolchain/arm_toolchain/bin/../lib/gcc/arm-none-eabi/8.3.1/../../../../arm-none-eabi/lib/thumb/v7-m/nofp\libc.a
END GROUP
LOAD c:/gmd/toolchain/arm_toolchain/bin/../lib/gcc/arm-none-eabi/8.3.1/thumb/v7-m/nofp/crtend.o
LOAD c:/gmd/toolchain/arm_toolchain/bin/../lib/gcc/arm-none-eabi/8.3.1/thumb/v7-m/nofp/crtn.o
START GROUP
LOAD c:/gmd/toolchain/arm_toolchain/bin/../lib/gcc/arm-none-eabi/8.3.1/thumb/v7-m/nofp\libgcc.a
LOAD c:/gmd/toolchain/arm_toolchain/bin/../lib/gcc/arm-none-eabi/8.3.1/../../../../arm-none-eabi/lib/thumb/v7-m/nofp\libc.a
LOAD c:/gmd/toolchain/arm_toolchain/bin/../lib/gcc/arm-none-eabi/8.3.1/../../../../arm-none-eabi/lib/thumb/v7-m/nofp\libm.a
LOAD c:/gmd/toolchain/arm_toolchain/bin/../lib/gcc/arm-none-eabi/8.3.1/../../../../arm-none-eabi/lib/thumb/v7-m/nofp\libnosys.a
END GROUP

.text           0x00000400     0x616d
 *(.isr_vector)
 .isr_vector    0x00000400      0x100 ./STARTUP/startup_GOWIN_M3.o
                0x00000400                __isr_vector
 *(.text*)
 .text.gpioInit
                0x00000500       0x2c ./USER/Common/source/gpioWrapperr.o
                0x00000500                gpioInit
 .text.uartInit
                0x0000052c       0x38 ./USER/Common/source/uartWrapper.o
                0x0000052c                uartInit
 .text.printUart
                0x00000564       0x20 ./USER/Common/source/uartWrapper.o
                0x00000564                printUart
 .text.NMI_Handler
                0x00000584        0x2 ./USER/GOWIN_M3_it.o
                0x00000584                NMI_Handler
 .text.HardFault_Handler
                0x00000586        0x2 ./USER/GOWIN_M3_it.o
                0x00000586                HardFault_Handler
 .text.MemManage_Handler
                0x00000588        0x2 ./USER/GOWIN_M3_it.o
                0x00000588                MemManage_Handler
 .text.BusFault_Handler
                0x0000058a        0x2 ./USER/GOWIN_M3_it.o
                0x0000058a                BusFault_Handler
 .text.UsageFault_Handler
                0x0000058c        0x2 ./USER/GOWIN_M3_it.o
                0x0000058c                UsageFault_Handler
 .text.DebugMon_Handler
                0x0000058e        0x2 ./USER/GOWIN_M3_it.o
                0x0000058e                DebugMon_Handler
 .text.SysTick_Handler
                0x00000590       0x12 ./USER/GOWIN_M3_it.o
                0x00000590                SysTick_Handler
 .text.UART0_Handler
                0x000005a2        0x2 ./USER/GOWIN_M3_it.o
                0x000005a2                UART0_Handler
 .text.UART1_Handler
                0x000005a4        0x2 ./USER/GOWIN_M3_it.o
                0x000005a4                UART1_Handler
 .text.TIMER0_Handler
                0x000005a6        0x2 ./USER/GOWIN_M3_it.o
                0x000005a6                TIMER0_Handler
 .text.TIMER1_Handler
                0x000005a8        0x2 ./USER/GOWIN_M3_it.o
                0x000005a8                TIMER1_Handler
 .text.GPIO0_Handler
                0x000005aa        0x2 ./USER/GOWIN_M3_it.o
                0x000005aa                GPIO0_Handler
 .text.RTC_Handler
                0x000005ac        0x2 ./USER/GOWIN_M3_it.o
                0x000005ac                RTC_Handler
 .text.I2C_Handler
                0x000005ae        0x2 ./USER/GOWIN_M3_it.o
                0x000005ae                I2C_Handler
 .text.ENT_Handler
                0x000005b0       0x8a ./USER/GOWIN_M3_it.o
                0x000005b0                ENT_Handler
 .text.GPIO0_0_Handler
                0x0000063a        0x2 ./USER/GOWIN_M3_it.o
                0x0000063a                GPIO0_0_Handler
 .text.GPIO0_1_Handler
                0x0000063c        0x2 ./USER/GOWIN_M3_it.o
                0x0000063c                GPIO0_1_Handler
 .text.GPIO0_2_Handler
                0x0000063e        0x2 ./USER/GOWIN_M3_it.o
                0x0000063e                GPIO0_2_Handler
 .text.GPIO0_3_Handler
                0x00000640        0x2 ./USER/GOWIN_M3_it.o
                0x00000640                GPIO0_3_Handler
 .text.GPIO0_4_Handler
                0x00000642        0x2 ./USER/GOWIN_M3_it.o
                0x00000642                GPIO0_4_Handler
 .text.GPIO0_5_Handler
                0x00000644        0x2 ./USER/GOWIN_M3_it.o
                0x00000644                GPIO0_5_Handler
 .text.GPIO0_6_Handler
                0x00000646        0x2 ./USER/GOWIN_M3_it.o
                0x00000646                GPIO0_6_Handler
 .text.GPIO0_7_Handler
                0x00000648        0x2 ./USER/GOWIN_M3_it.o
                0x00000648                GPIO0_7_Handler
 .text.GPIO0_8_Handler
                0x0000064a        0x2 ./USER/GOWIN_M3_it.o
                0x0000064a                GPIO0_8_Handler
 .text.GPIO0_9_Handler
                0x0000064c        0x2 ./USER/GOWIN_M3_it.o
                0x0000064c                GPIO0_9_Handler
 .text.GPIO0_10_Handler
                0x0000064e        0x2 ./USER/GOWIN_M3_it.o
                0x0000064e                GPIO0_10_Handler
 .text.GPIO0_11_Handler
                0x00000650        0x2 ./USER/GOWIN_M3_it.o
                0x00000650                GPIO0_11_Handler
 .text.GPIO0_12_Handler
                0x00000652        0x2 ./USER/GOWIN_M3_it.o
                0x00000652                GPIO0_12_Handler
 .text.GPIO0_13_Handler
                0x00000654        0x2 ./USER/GOWIN_M3_it.o
                0x00000654                GPIO0_13_Handler
 .text.GPIO0_14_Handler
                0x00000656        0x2 ./USER/GOWIN_M3_it.o
                0x00000656                GPIO0_14_Handler
 .text.GPIO0_15_Handler
                0x00000658        0x2 ./USER/GOWIN_M3_it.o
                0x00000658                GPIO0_15_Handler
 .text.USER_INT0_Handler
                0x0000065a        0x2 ./USER/GOWIN_M3_it.o
                0x0000065a                USER_INT0_Handler
 .text.USER_INT1_Handler
                0x0000065c        0x2 ./USER/GOWIN_M3_it.o
                0x0000065c                USER_INT1_Handler
 .text.USER_INT2_Handler
                0x0000065e        0x2 ./USER/GOWIN_M3_it.o
                0x0000065e                USER_INT2_Handler
 .text.USER_INT3_Handler
                0x00000660        0x2 ./USER/GOWIN_M3_it.o
                0x00000660                USER_INT3_Handler
 .text.USER_INT4_Handler
                0x00000662        0x2 ./USER/GOWIN_M3_it.o
                0x00000662                USER_INT4_Handler
 .text.USER_INT5_Handler
                0x00000664        0x2 ./USER/GOWIN_M3_it.o
                0x00000664                USER_INT5_Handler
 .text.USER_INT6_Handler
                0x00000666        0x2 ./USER/GOWIN_M3_it.o
                0x00000666                USER_INT6_Handler
 .text.USER_INT7_Handler
                0x00000668        0x2 ./USER/GOWIN_M3_it.o
                0x00000668                USER_INT7_Handler
 .text.USER_INT8_Handler
                0x0000066a        0x2 ./USER/GOWIN_M3_it.o
                0x0000066a                USER_INT8_Handler
 .text.USER_INT9_Handler
                0x0000066c        0x2 ./USER/GOWIN_M3_it.o
                0x0000066c                USER_INT9_Handler
 .text.USER_INT10_Handler
                0x0000066e        0x2 ./USER/GOWIN_M3_it.o
                0x0000066e                USER_INT10_Handler
 .text.USER_INT11_Handler
                0x00000670        0x2 ./USER/GOWIN_M3_it.o
                0x00000670                USER_INT11_Handler
 .text.USER_INT12_Handler
                0x00000672        0x2 ./USER/GOWIN_M3_it.o
                0x00000672                USER_INT12_Handler
 .text.USER_INT13_Handler
                0x00000674        0x2 ./USER/GOWIN_M3_it.o
                0x00000674                USER_INT13_Handler
 .text.USER_INT14_Handler
                0x00000676        0x2 ./USER/GOWIN_M3_it.o
                0x00000676                USER_INT14_Handler
 .text.USER_INT15_Handler
                0x00000678        0x2 ./USER/GOWIN_M3_it.o
                0x00000678                USER_INT15_Handler
 .text.blinkLedTask
                0x0000067a       0x2e ./USER/main.o
 .text.main     0x000006a8       0xa4 ./USER/main.o
                0x000006a8                main
 .text.SystemInit
                0x0000074c       0x10 ./SYSTEM/system_GOWIN_M3.o
                0x0000074c                SystemInit
 .text          0x0000075c       0xbc ./STARTUP/startup_GOWIN_M3.o
                0x0000075c                Reset_Handler
                0x000007c0                UARTOVF_Handler
                0x000007c6                Interrupt8_Handler
                0x000007ca                Interrupt10_Handler
                0x000007cc                Interrupt11_Handler
                0x000007ce                Interrupt12_Handler
                0x000007d0                Interrupt13_Handler
                0x000007d2                Interrupt14_Handler
                0x000007d4                Interrupt15_Handler
 .text.tx_int_event
                0x00000818       0x74 ./PERIPHERALS/Sources/GOWIN_M3_ethernet.o
                0x00000818                tx_int_event
 .text.rx_int_event
                0x0000088c       0x44 ./PERIPHERALS/Sources/GOWIN_M3_ethernet.o
                0x0000088c                rx_int_event
 .text.miim_wr_int_event
                0x000008d0       0x14 ./PERIPHERALS/Sources/GOWIN_M3_ethernet.o
                0x000008d0                miim_wr_int_event
 .text.miim_rd_int_event
                0x000008e4       0x24 ./PERIPHERALS/Sources/GOWIN_M3_ethernet.o
                0x000008e4                miim_rd_int_event
 .text.GPIO_Init
                0x00000908       0xbe ./PERIPHERALS/Sources/GOWIN_M3_gpio.o
                0x00000908                GPIO_Init
 .text.GPIO_SetBit
                0x000009c6        0x8 ./PERIPHERALS/Sources/GOWIN_M3_gpio.o
                0x000009c6                GPIO_SetBit
 .text.GPIO_ResetBit
                0x000009ce        0xa ./PERIPHERALS/Sources/GOWIN_M3_gpio.o
                0x000009ce                GPIO_ResetBit
 .text.GPIO_WriteBits
                0x000009d8        0x4 ./PERIPHERALS/Sources/GOWIN_M3_gpio.o
                0x000009d8                GPIO_WriteBits
 .text.NVIC_PriorityGroupConfig
                0x000009dc       0x14 ./PERIPHERALS/Sources/GOWIN_M3_misc.o
                0x000009dc                NVIC_PriorityGroupConfig
 .text.UART_Init
                0x000009f0       0x78 ./PERIPHERALS/Sources/GOWIN_M3_uart.o
                0x000009f0                UART_Init
 .text.UART_SendChar
                0x00000a68        0xc ./PERIPHERALS/Sources/GOWIN_M3_uart.o
                0x00000a68                UART_SendChar
 .text.UART_SendString
                0x00000a74       0x1a ./PERIPHERALS/Sources/GOWIN_M3_uart.o
                0x00000a74                UART_SendString
 *fill*         0x00000a8e        0x2 
 .text.prvInsertBlockIntoFreeList
                0x00000a90       0x58 ./FreeRTOS/portable/MemMang/heap_4.o
 .text.pvPortMalloc
                0x00000ae8      0x10c ./FreeRTOS/portable/MemMang/heap_4.o
                0x00000ae8                pvPortMalloc
 .text.vPortFree
                0x00000bf4       0x4c ./FreeRTOS/portable/MemMang/heap_4.o
                0x00000bf4                vPortFree
 .text.prvTaskExitError
                0x00000c40       0x20 ./FreeRTOS/portable/GNU/ARM_CM3/port.o
 .text.prvPortStartFirstTask
                0x00000c60       0x20 ./FreeRTOS/portable/GNU/ARM_CM3/port.o
 .text.pxPortInitialiseStack
                0x00000c80       0x24 ./FreeRTOS/portable/GNU/ARM_CM3/port.o
                0x00000c80                pxPortInitialiseStack
 *fill*         0x00000ca4        0xc 
 .text.SVC_Handler
                0x00000cb0       0x24 ./FreeRTOS/portable/GNU/ARM_CM3/port.o
                0x00000cb0                SVC_Handler
 .text.vPortEnterCritical
                0x00000cd4       0x20 ./FreeRTOS/portable/GNU/ARM_CM3/port.o
                0x00000cd4                vPortEnterCritical
 .text.vPortExitCritical
                0x00000cf4       0x14 ./FreeRTOS/portable/GNU/ARM_CM3/port.o
                0x00000cf4                vPortExitCritical
 *fill*         0x00000d08        0x8 
 .text.PendSV_Handler
                0x00000d10       0x44 ./FreeRTOS/portable/GNU/ARM_CM3/port.o
                0x00000d10                PendSV_Handler
 .text.xPortSysTickHandler
                0x00000d54       0x2c ./FreeRTOS/portable/GNU/ARM_CM3/port.o
                0x00000d54                xPortSysTickHandler
 .text.vPortSetupTimerInterrupt
                0x00000d80       0x28 ./FreeRTOS/portable/GNU/ARM_CM3/port.o
                0x00000d80                vPortSetupTimerInterrupt
 .text.xPortStartScheduler
                0x00000da8       0x38 ./FreeRTOS/portable/GNU/ARM_CM3/port.o
                0x00000da8                xPortStartScheduler
 .text.vListInitialise
                0x00000de0       0x16 ./FreeRTOS/list.o
                0x00000de0                vListInitialise
 .text.vListInitialiseItem
                0x00000df6        0x6 ./FreeRTOS/list.o
                0x00000df6                vListInitialiseItem
 .text.vListInsertEnd
                0x00000dfc       0x16 ./FreeRTOS/list.o
                0x00000dfc                vListInsertEnd
 .text.vListInsert
                0x00000e12       0x34 ./FreeRTOS/list.o
                0x00000e12                vListInsert
 .text.uxListRemove
                0x00000e46       0x24 ./FreeRTOS/list.o
                0x00000e46                uxListRemove
 *fill*         0x00000e6a        0x2 
 .text.prvResetNextTaskUnblockTime
                0x00000e6c       0x2c ./FreeRTOS/tasks.o
 .text.prvIdleTask
                0x00000e98       0x68 ./FreeRTOS/tasks.o
 .text.prvAddCurrentTaskToDelayedList
                0x00000f00       0x78 ./FreeRTOS/tasks.o
 .text.xTaskCreate
                0x00000f78      0x194 ./FreeRTOS/tasks.o
                0x00000f78                xTaskCreate
 .text.vTaskStartScheduler
                0x0000110c       0x64 ./FreeRTOS/tasks.o
                0x0000110c                vTaskStartScheduler
 .text.vTaskSuspendAll
                0x00001170       0x10 ./FreeRTOS/tasks.o
                0x00001170                vTaskSuspendAll
 .text.xTaskIncrementTick
                0x00001180       0xf0 ./FreeRTOS/tasks.o
                0x00001180                xTaskIncrementTick
 .text.xTaskResumeAll
                0x00001270       0xc4 ./FreeRTOS/tasks.o
                0x00001270                xTaskResumeAll
 .text.vTaskDelay
                0x00001334       0x34 ./FreeRTOS/tasks.o
                0x00001334                vTaskDelay
 .text.vTaskSwitchContext
                0x00001368       0x78 ./FreeRTOS/tasks.o
                0x00001368                vTaskSwitchContext
 .text.xTaskGetSchedulerState
                0x000013e0       0x20 ./FreeRTOS/tasks.o
                0x000013e0                xTaskGetSchedulerState
 .text.exit     0x00001400       0x20 c:/gmd/toolchain/arm_toolchain/bin/../lib/gcc/arm-none-eabi/8.3.1/../../../../arm-none-eabi/lib/thumb/v7-m/nofp\libg.a(lib_a-exit.o)
                0x00001400                exit
 .text          0x00001420       0xec c:/gmd/toolchain/arm_toolchain/bin/../lib/gcc/arm-none-eabi/8.3.1/../../../../arm-none-eabi/lib/thumb/v7-m/nofp\libg.a(lib_a-memcpy.o)
                0x00001420                memcpy
 .text.memset   0x0000150c       0xa0 c:/gmd/toolchain/arm_toolchain/bin/../lib/gcc/arm-none-eabi/8.3.1/../../../../arm-none-eabi/lib/thumb/v7-m/nofp\libg.a(lib_a-memset.o)
                0x0000150c                memset
 .text.sprintf  0x000015ac       0x44 c:/gmd/toolchain/arm_toolchain/bin/../lib/gcc/arm-none-eabi/8.3.1/../../../../arm-none-eabi/lib/thumb/v7-m/nofp\libg.a(lib_a-sprintf.o)
                0x000015ac                sprintf
 .text._svfprintf_r
                0x000015f0     0x1a28 c:/gmd/toolchain/arm_toolchain/bin/../lib/gcc/arm-none-eabi/8.3.1/../../../../arm-none-eabi/lib/thumb/v7-m/nofp\libg.a(lib_a-svfprintf.o)
                0x000015f0                _svfprintf_r
 .text.__call_exitprocs
                0x00003018       0xb0 c:/gmd/toolchain/arm_toolchain/bin/../lib/gcc/arm-none-eabi/8.3.1/../../../../arm-none-eabi/lib/thumb/v7-m/nofp\libg.a(lib_a-__call_atexit.o)
                0x00003018                __call_exitprocs
 .text.quorem   0x000030c8      0x12c c:/gmd/toolchain/arm_toolchain/bin/../lib/gcc/arm-none-eabi/8.3.1/../../../../arm-none-eabi/lib/thumb/v7-m/nofp\libg.a(lib_a-dtoa.o)
 *fill*         0x000031f4        0x4 
 .text._dtoa_r  0x000031f8      0xe6c c:/gmd/toolchain/arm_toolchain/bin/../lib/gcc/arm-none-eabi/8.3.1/../../../../arm-none-eabi/lib/thumb/v7-m/nofp\libg.a(lib_a-dtoa.o)
                0x000031f8                _dtoa_r
 .text._malloc_trim_r
                0x00004064       0xa0 c:/gmd/toolchain/arm_toolchain/bin/../lib/gcc/arm-none-eabi/8.3.1/../../../../arm-none-eabi/lib/thumb/v7-m/nofp\libg.a(lib_a-freer.o)
                0x00004064                _malloc_trim_r
 .text._free_r  0x00004104      0x1f4 c:/gmd/toolchain/arm_toolchain/bin/../lib/gcc/arm-none-eabi/8.3.1/../../../../arm-none-eabi/lib/thumb/v7-m/nofp\libg.a(lib_a-freer.o)
                0x00004104                _free_r
 .text._localeconv_r
                0x000042f8        0x8 c:/gmd/toolchain/arm_toolchain/bin/../lib/gcc/arm-none-eabi/8.3.1/../../../../arm-none-eabi/lib/thumb/v7-m/nofp\libg.a(lib_a-localeconv.o)
                0x000042f8                _localeconv_r
 .text.__retarget_lock_acquire_recursive
                0x00004300        0x4 c:/gmd/toolchain/arm_toolchain/bin/../lib/gcc/arm-none-eabi/8.3.1/../../../../arm-none-eabi/lib/thumb/v7-m/nofp\libg.a(lib_a-lock.o)
                0x00004300                __retarget_lock_acquire_recursive
 .text.__retarget_lock_release_recursive
                0x00004304        0x4 c:/gmd/toolchain/arm_toolchain/bin/../lib/gcc/arm-none-eabi/8.3.1/../../../../arm-none-eabi/lib/thumb/v7-m/nofp\libg.a(lib_a-lock.o)
                0x00004304                __retarget_lock_release_recursive
 .text._malloc_r
                0x00004308      0x558 c:/gmd/toolchain/arm_toolchain/bin/../lib/gcc/arm-none-eabi/8.3.1/../../../../arm-none-eabi/lib/thumb/v7-m/nofp\libg.a(lib_a-mallocr.o)
                0x00004308                _malloc_r
 .text.memchr   0x00004860       0x8c c:/gmd/toolchain/arm_toolchain/bin/../lib/gcc/arm-none-eabi/8.3.1/../../../../arm-none-eabi/lib/thumb/v7-m/nofp\libg.a(lib_a-memchr-stub.o)
                0x00004860                memchr
 .text.__malloc_lock
                0x000048ec        0xc c:/gmd/toolchain/arm_toolchain/bin/../lib/gcc/arm-none-eabi/8.3.1/../../../../arm-none-eabi/lib/thumb/v7-m/nofp\libg.a(lib_a-mlock.o)
                0x000048ec                __malloc_lock
 .text.__malloc_unlock
                0x000048f8        0xc c:/gmd/toolchain/arm_toolchain/bin/../lib/gcc/arm-none-eabi/8.3.1/../../../../arm-none-eabi/lib/thumb/v7-m/nofp\libg.a(lib_a-mlock.o)
                0x000048f8                __malloc_unlock
 .text._Balloc  0x00004904       0x4c c:/gmd/toolchain/arm_toolchain/bin/../lib/gcc/arm-none-eabi/8.3.1/../../../../arm-none-eabi/lib/thumb/v7-m/nofp\libg.a(lib_a-mprec.o)
                0x00004904                _Balloc
 .text._Bfree   0x00004950       0x14 c:/gmd/toolchain/arm_toolchain/bin/../lib/gcc/arm-none-eabi/8.3.1/../../../../arm-none-eabi/lib/thumb/v7-m/nofp\libg.a(lib_a-mprec.o)
                0x00004950                _Bfree
 .text.__multadd
                0x00004964       0x8c c:/gmd/toolchain/arm_toolchain/bin/../lib/gcc/arm-none-eabi/8.3.1/../../../../arm-none-eabi/lib/thumb/v7-m/nofp\libg.a(lib_a-mprec.o)
                0x00004964                __multadd
 .text.__hi0bits
                0x000049f0       0x40 c:/gmd/toolchain/arm_toolchain/bin/../lib/gcc/arm-none-eabi/8.3.1/../../../../arm-none-eabi/lib/thumb/v7-m/nofp\libg.a(lib_a-mprec.o)
                0x000049f0                __hi0bits
 .text.__lo0bits
                0x00004a30       0x60 c:/gmd/toolchain/arm_toolchain/bin/../lib/gcc/arm-none-eabi/8.3.1/../../../../arm-none-eabi/lib/thumb/v7-m/nofp\libg.a(lib_a-mprec.o)
                0x00004a30                __lo0bits
 .text.__i2b    0x00004a90       0x14 c:/gmd/toolchain/arm_toolchain/bin/../lib/gcc/arm-none-eabi/8.3.1/../../../../arm-none-eabi/lib/thumb/v7-m/nofp\libg.a(lib_a-mprec.o)
                0x00004a90                __i2b
 .text.__multiply
                0x00004aa4      0x130 c:/gmd/toolchain/arm_toolchain/bin/../lib/gcc/arm-none-eabi/8.3.1/../../../../arm-none-eabi/lib/thumb/v7-m/nofp\libg.a(lib_a-mprec.o)
                0x00004aa4                __multiply
 .text.__pow5mult
                0x00004bd4       0xa0 c:/gmd/toolchain/arm_toolchain/bin/../lib/gcc/arm-none-eabi/8.3.1/../../../../arm-none-eabi/lib/thumb/v7-m/nofp\libg.a(lib_a-mprec.o)
                0x00004bd4                __pow5mult
 .text.__lshift
                0x00004c74       0xb4 c:/gmd/toolchain/arm_toolchain/bin/../lib/gcc/arm-none-eabi/8.3.1/../../../../arm-none-eabi/lib/thumb/v7-m/nofp\libg.a(lib_a-mprec.o)
                0x00004c74                __lshift
 .text.__mcmp   0x00004d28       0x38 c:/gmd/toolchain/arm_toolchain/bin/../lib/gcc/arm-none-eabi/8.3.1/../../../../arm-none-eabi/lib/thumb/v7-m/nofp\libg.a(lib_a-mprec.o)
                0x00004d28                __mcmp
 .text.__mdiff  0x00004d60      0x100 c:/gmd/toolchain/arm_toolchain/bin/../lib/gcc/arm-none-eabi/8.3.1/../../../../arm-none-eabi/lib/thumb/v7-m/nofp\libg.a(lib_a-mprec.o)
                0x00004d60                __mdiff
 .text.__d2b    0x00004e60       0xac c:/gmd/toolchain/arm_toolchain/bin/../lib/gcc/arm-none-eabi/8.3.1/../../../../arm-none-eabi/lib/thumb/v7-m/nofp\libg.a(lib_a-mprec.o)
                0x00004e60                __d2b
 .text.frexp    0x00004f0c       0x70 c:/gmd/toolchain/arm_toolchain/bin/../lib/gcc/arm-none-eabi/8.3.1/../../../../arm-none-eabi/lib/thumb/v7-m/nofp\libg.a(lib_a-s_frexp.o)
                0x00004f0c                frexp
 .text._sbrk_r  0x00004f7c       0x24 c:/gmd/toolchain/arm_toolchain/bin/../lib/gcc/arm-none-eabi/8.3.1/../../../../arm-none-eabi/lib/thumb/v7-m/nofp\libg.a(lib_a-sbrkr.o)
                0x00004f7c                _sbrk_r
 .text.strlen   0x00004fa0       0x5c c:/gmd/toolchain/arm_toolchain/bin/../lib/gcc/arm-none-eabi/8.3.1/../../../../arm-none-eabi/lib/thumb/v7-m/nofp\libg.a(lib_a-strlen-stub.o)
                0x00004fa0                strlen
 .text.strncpy  0x00004ffc       0x74 c:/gmd/toolchain/arm_toolchain/bin/../lib/gcc/arm-none-eabi/8.3.1/../../../../arm-none-eabi/lib/thumb/v7-m/nofp\libg.a(lib_a-strncpy.o)
                0x00004ffc                strncpy
 .text.__ssprint_r
                0x00005070       0xf8 c:/gmd/toolchain/arm_toolchain/bin/../lib/gcc/arm-none-eabi/8.3.1/../../../../arm-none-eabi/lib/thumb/v7-m/nofp\libg.a(lib_a-svfiprintf.o)
                0x00005070                __ssprint_r
 .text._calloc_r
                0x00005168       0x60 c:/gmd/toolchain/arm_toolchain/bin/../lib/gcc/arm-none-eabi/8.3.1/../../../../arm-none-eabi/lib/thumb/v7-m/nofp\libg.a(lib_a-callocr.o)
                0x00005168                _calloc_r
 .text.__ascii_mbtowc
                0x000051c8       0x2c c:/gmd/toolchain/arm_toolchain/bin/../lib/gcc/arm-none-eabi/8.3.1/../../../../arm-none-eabi/lib/thumb/v7-m/nofp\libg.a(lib_a-mbtowc_r.o)
                0x000051c8                __ascii_mbtowc
 .text.memmove  0x000051f4       0xcc c:/gmd/toolchain/arm_toolchain/bin/../lib/gcc/arm-none-eabi/8.3.1/../../../../arm-none-eabi/lib/thumb/v7-m/nofp\libg.a(lib_a-memmove.o)
                0x000051f4                memmove
 .text._realloc_r
                0x000052c0      0x37c c:/gmd/toolchain/arm_toolchain/bin/../lib/gcc/arm-none-eabi/8.3.1/../../../../arm-none-eabi/lib/thumb/v7-m/nofp\libg.a(lib_a-reallocr.o)
                0x000052c0                _realloc_r
 .text.__ascii_wctomb
                0x0000563c       0x1c c:/gmd/toolchain/arm_toolchain/bin/../lib/gcc/arm-none-eabi/8.3.1/../../../../arm-none-eabi/lib/thumb/v7-m/nofp\libg.a(lib_a-wctomb_r.o)
                0x0000563c                __ascii_wctomb
 .text          0x00005658      0x378 c:/gmd/toolchain/arm_toolchain/bin/../lib/gcc/arm-none-eabi/8.3.1/thumb/v7-m/nofp\libgcc.a(_arm_addsubdf3.o)
                0x00005658                __aeabi_drsub
                0x00005660                __aeabi_dsub
                0x00005660                __subdf3
                0x00005664                __aeabi_dadd
                0x00005664                __adddf3
                0x000058dc                __floatunsidf
                0x000058dc                __aeabi_ui2d
                0x000058fc                __floatsidf
                0x000058fc                __aeabi_i2d
                0x00005920                __aeabi_f2d
                0x00005920                __extendsfdf2
                0x00005964                __floatundidf
                0x00005964                __aeabi_ul2d
                0x00005974                __floatdidf
                0x00005974                __aeabi_l2d
 .text          0x000059d0      0x424 c:/gmd/toolchain/arm_toolchain/bin/../lib/gcc/arm-none-eabi/8.3.1/thumb/v7-m/nofp\libgcc.a(_arm_muldivdf3.o)
                0x000059d0                __aeabi_dmul
                0x000059d0                __muldf3
                0x00005c24                __divdf3
                0x00005c24                __aeabi_ddiv
 .text          0x00005df4      0x110 c:/gmd/toolchain/arm_toolchain/bin/../lib/gcc/arm-none-eabi/8.3.1/thumb/v7-m/nofp\libgcc.a(_arm_cmpdf2.o)
                0x00005df4                __gtdf2
                0x00005df4                __gedf2
                0x00005dfc                __ltdf2
                0x00005dfc                __ledf2
                0x00005e04                __nedf2
                0x00005e04                __eqdf2
                0x00005e04                __cmpdf2
                0x00005e80                __aeabi_cdrcmple
                0x00005e90                __aeabi_cdcmpeq
                0x00005e90                __aeabi_cdcmple
                0x00005ea0                __aeabi_dcmpeq
                0x00005eb4                __aeabi_dcmplt
                0x00005ec8                __aeabi_dcmple
                0x00005edc                __aeabi_dcmpge
                0x00005ef0                __aeabi_dcmpgt
 .text          0x00005f04       0x2c c:/gmd/toolchain/arm_toolchain/bin/../lib/gcc/arm-none-eabi/8.3.1/thumb/v7-m/nofp\libgcc.a(_arm_unorddf2.o)
                0x00005f04                __unorddf2
                0x00005f04                __aeabi_dcmpun
 .text          0x00005f30       0x50 c:/gmd/toolchain/arm_toolchain/bin/../lib/gcc/arm-none-eabi/8.3.1/thumb/v7-m/nofp\libgcc.a(_arm_fixdfsi.o)
                0x00005f30                __aeabi_d2iz
                0x00005f30                __fixdfsi
 .text          0x00005f80       0x30 c:/gmd/toolchain/arm_toolchain/bin/../lib/gcc/arm-none-eabi/8.3.1/thumb/v7-m/nofp\libgcc.a(_aeabi_uldivmod.o)
                0x00005f80                __aeabi_uldivmod
 .text          0x00005fb0      0x2d0 c:/gmd/toolchain/arm_toolchain/bin/../lib/gcc/arm-none-eabi/8.3.1/thumb/v7-m/nofp\libgcc.a(_udivmoddi4.o)
                0x00005fb0                __udivmoddi4
 .text          0x00006280        0x4 c:/gmd/toolchain/arm_toolchain/bin/../lib/gcc/arm-none-eabi/8.3.1/thumb/v7-m/nofp\libgcc.a(_dvmd_tls.o)
                0x00006280                __aeabi_idiv0
                0x00006280                __aeabi_ldiv0
 .text._sbrk    0x00006284       0x1c c:/gmd/toolchain/arm_toolchain/bin/../lib/gcc/arm-none-eabi/8.3.1/../../../../arm-none-eabi/lib/thumb/v7-m/nofp\libnosys.a(sbrk.o)
                0x00006284                _sbrk
 .text._exit    0x000062a0        0x4 c:/gmd/toolchain/arm_toolchain/bin/../lib/gcc/arm-none-eabi/8.3.1/../../../../arm-none-eabi/lib/thumb/v7-m/nofp\libnosys.a(_exit.o)
                0x000062a0                _exit
 *(.init)
 .init          0x000062a4        0x4 c:/gmd/toolchain/arm_toolchain/bin/../lib/gcc/arm-none-eabi/8.3.1/thumb/v7-m/nofp/crti.o
                0x000062a4                _init
 *(.fini)
 .fini          0x000062a8        0x4 c:/gmd/toolchain/arm_toolchain/bin/../lib/gcc/arm-none-eabi/8.3.1/thumb/v7-m/nofp/crti.o
                0x000062a8                _fini
 *crtbegin.o(.ctors)
 *crtbegin?.o(.ctors)
 *(EXCLUDE_FILE(*crtend.o *crtend?.o) .ctors)
 *(SORT_BY_NAME(.ctors.*))
 *(.ctors)
 *crtbegin.o(.dtors)
 *crtbegin?.o(.dtors)
 *(EXCLUDE_FILE(*crtend.o *crtend?.o) .dtors)
 *(SORT_BY_NAME(.dtors.*))
 *(.dtors)
 *(.rodata*)
 .rodata.printUart.str1.4
                0x000062ac        0x3 ./USER/Common/source/uartWrapper.o
 *fill*         0x000062af        0x1 
 .rodata.main.str1.4
                0x000062b0       0x2d ./USER/main.o
 *fill*         0x000062dd        0x3 
 .rodata.vTaskStartScheduler.str1.4
                0x000062e0        0x5 ./FreeRTOS/tasks.o
 *fill*         0x000062e5        0x3 
 .rodata._global_impure_ptr
                0x000062e8        0x4 c:/gmd/toolchain/arm_toolchain/bin/../lib/gcc/arm-none-eabi/8.3.1/../../../../arm-none-eabi/lib/thumb/v7-m/nofp\libg.a(lib_a-impure.o)
                0x000062e8                _global_impure_ptr
 .rodata._svfprintf_r.str1.4
                0x000062ec       0x42 c:/gmd/toolchain/arm_toolchain/bin/../lib/gcc/arm-none-eabi/8.3.1/../../../../arm-none-eabi/lib/thumb/v7-m/nofp\libg.a(lib_a-svfprintf.o)
 *fill*         0x0000632e        0x2 
 .rodata.blanks.7355
                0x00006330       0x10 c:/gmd/toolchain/arm_toolchain/bin/../lib/gcc/arm-none-eabi/8.3.1/../../../../arm-none-eabi/lib/thumb/v7-m/nofp\libg.a(lib_a-svfprintf.o)
 .rodata.zeroes.7356
                0x00006340       0x10 c:/gmd/toolchain/arm_toolchain/bin/../lib/gcc/arm-none-eabi/8.3.1/../../../../arm-none-eabi/lib/thumb/v7-m/nofp\libg.a(lib_a-svfprintf.o)
 .rodata._dtoa_r.str1.4
                0x00006350        0xd c:/gmd/toolchain/arm_toolchain/bin/../lib/gcc/arm-none-eabi/8.3.1/../../../../arm-none-eabi/lib/thumb/v7-m/nofp\libg.a(lib_a-dtoa.o)
                                 0x12 (size before relaxing)
 *fill*         0x0000635d        0x3 
 .rodata.__mprec_bigtens
                0x00006360       0x28 c:/gmd/toolchain/arm_toolchain/bin/../lib/gcc/arm-none-eabi/8.3.1/../../../../arm-none-eabi/lib/thumb/v7-m/nofp\libg.a(lib_a-mprec.o)
                0x00006360                __mprec_bigtens
 .rodata.__mprec_tens
                0x00006388       0xc8 c:/gmd/toolchain/arm_toolchain/bin/../lib/gcc/arm-none-eabi/8.3.1/../../../../arm-none-eabi/lib/thumb/v7-m/nofp\libg.a(lib_a-mprec.o)
                0x00006388                __mprec_tens
 .rodata.p05.6125
                0x00006450        0xc c:/gmd/toolchain/arm_toolchain/bin/../lib/gcc/arm-none-eabi/8.3.1/../../../../arm-none-eabi/lib/thumb/v7-m/nofp\libg.a(lib_a-mprec.o)
 .rodata._setlocale_r.str1.4
                0x0000645c        0xa c:/gmd/toolchain/arm_toolchain/bin/../lib/gcc/arm-none-eabi/8.3.1/../../../../arm-none-eabi/lib/thumb/v7-m/nofp\libg.a(lib_a-locale.o)
                                  0xd (size before relaxing)
 *fill*         0x00006466        0x2 
 .rodata.str1.4
                0x00006468        0x4 c:/gmd/toolchain/arm_toolchain/bin/../lib/gcc/arm-none-eabi/8.3.1/../../../../arm-none-eabi/lib/thumb/v7-m/nofp\libg.a(lib_a-locale.o)
                                  0x2 (size before relaxing)
 .rodata._ctype_
                0x0000646c      0x101 c:/gmd/toolchain/arm_toolchain/bin/../lib/gcc/arm-none-eabi/8.3.1/../../../../arm-none-eabi/lib/thumb/v7-m/nofp\libg.a(lib_a-ctype_.o)
                0x0000646c                _ctype_
 *(.eh_frame*)

.glue_7         0x00006570        0x0
 .glue_7        0x00006570        0x0 linker stubs

.glue_7t        0x00006570        0x0
 .glue_7t       0x00006570        0x0 linker stubs

.vfp11_veneer   0x00006570        0x0
 .vfp11_veneer  0x00006570        0x0 linker stubs

.v4_bx          0x00006570        0x0
 .v4_bx         0x00006570        0x0 linker stubs

.iplt           0x00006570        0x0
 .iplt          0x00006570        0x0 ./USER/Common/source/gpioWrapperr.o

.ARM.extab
 *(.ARM.extab* .gnu.linkonce.armextab.*)
                0x0000656d                __exidx_start = .

.ARM.exidx      0x00006570        0x8
 *(.ARM.exidx* .gnu.linkonce.armexidx.*)
 .ARM.exidx     0x00006570        0x8 c:/gmd/toolchain/arm_toolchain/bin/../lib/gcc/arm-none-eabi/8.3.1/thumb/v7-m/nofp\libgcc.a(_udivmoddi4.o)
                0x00006578                __exidx_end = .
                0x00006578                __etext = .

.rel.dyn        0x00006578        0x0
 .rel.iplt      0x00006578        0x0 ./USER/Common/source/gpioWrapperr.o

.data           0x20000000      0x9b8 load address 0x00006578
                0x20000000                __data_start__ = .
 *(vtable)
 *(.data*)
 .data.SystemCoreClock
                0x20000000        0x4 ./SYSTEM/system_GOWIN_M3.o
                0x20000000                SystemCoreClock
 .data.uxCriticalNesting
                0x20000004        0x4 ./FreeRTOS/portable/GNU/ARM_CM3/port.o
 .data._impure_ptr
                0x20000008        0x4 c:/gmd/toolchain/arm_toolchain/bin/../lib/gcc/arm-none-eabi/8.3.1/../../../../arm-none-eabi/lib/thumb/v7-m/nofp\libg.a(lib_a-impure.o)
                0x20000008                _impure_ptr
 *fill*         0x2000000c        0x4 
 .data.impure_data
                0x20000010      0x428 c:/gmd/toolchain/arm_toolchain/bin/../lib/gcc/arm-none-eabi/8.3.1/../../../../arm-none-eabi/lib/thumb/v7-m/nofp\libg.a(lib_a-impure.o)
 .data.__atexit_recursive_mutex
                0x20000438        0x4 c:/gmd/toolchain/arm_toolchain/bin/../lib/gcc/arm-none-eabi/8.3.1/../../../../arm-none-eabi/lib/thumb/v7-m/nofp\libg.a(lib_a-__call_atexit.o)
                0x20000438                __atexit_recursive_mutex
 .data.__malloc_av_
                0x2000043c      0x408 c:/gmd/toolchain/arm_toolchain/bin/../lib/gcc/arm-none-eabi/8.3.1/../../../../arm-none-eabi/lib/thumb/v7-m/nofp\libg.a(lib_a-mallocr.o)
                0x2000043c                __malloc_av_
 .data.__malloc_sbrk_base
                0x20000844        0x4 c:/gmd/toolchain/arm_toolchain/bin/../lib/gcc/arm-none-eabi/8.3.1/../../../../arm-none-eabi/lib/thumb/v7-m/nofp\libg.a(lib_a-mallocr.o)
                0x20000844                __malloc_sbrk_base
 .data.__malloc_trim_threshold
                0x20000848        0x4 c:/gmd/toolchain/arm_toolchain/bin/../lib/gcc/arm-none-eabi/8.3.1/../../../../arm-none-eabi/lib/thumb/v7-m/nofp\libg.a(lib_a-mallocr.o)
                0x20000848                __malloc_trim_threshold
 .data.__global_locale
                0x2000084c      0x16c c:/gmd/toolchain/arm_toolchain/bin/../lib/gcc/arm-none-eabi/8.3.1/../../../../arm-none-eabi/lib/thumb/v7-m/nofp\libg.a(lib_a-locale.o)
                0x2000084c                __global_locale
                0x200009b8                . = ALIGN (0x4)
                0x200009b8                PROVIDE (__preinit_array_start = .)
 *(.preinit_array)
                0x200009b8                PROVIDE (__preinit_array_end = .)
                0x200009b8                . = ALIGN (0x4)
                0x200009b8                PROVIDE (__init_array_start = .)
 *(SORT_BY_NAME(.init_array.*))
 *(.init_array)
                0x200009b8                PROVIDE (__init_array_end = .)
                0x200009b8                . = ALIGN (0x4)
                0x200009b8                PROVIDE (__fini_array_start = .)
 *(SORT_BY_NAME(.fini_array.*))
 *(.fini_array)
                0x200009b8                PROVIDE (__fini_array_end = .)
                0x200009b8                . = ALIGN (0x4)
                0x200009b8                __data_end__ = .

.igot.plt       0x200009b8        0x0 load address 0x00006f30
 .igot.plt      0x200009b8        0x0 ./USER/Common/source/gpioWrapperr.o

.bss            0x200009b8      0x550 load address 0x00006f30
                0x200009b8                . = ALIGN (0x4)
                0x200009b8                __bss_start__ = .
 *(.bss*)
 .bss.eth_info  0x200009b8        0xc ./PERIPHERALS/Sources/GOWIN_M3_ethernet.o
 .bss.pxEnd     0x200009c4        0x4 ./FreeRTOS/portable/MemMang/heap_4.o
 .bss.ucHeap    0x200009c8      0x400 ./FreeRTOS/portable/MemMang/heap_4.o
 .bss.xBlockAllocatedBit
                0x20000dc8        0x4 ./FreeRTOS/portable/MemMang/heap_4.o
 .bss.xFreeBytesRemaining
                0x20000dcc        0x4 ./FreeRTOS/portable/MemMang/heap_4.o
 .bss.xMinimumEverFreeBytesRemaining
                0x20000dd0        0x4 ./FreeRTOS/portable/MemMang/heap_4.o
 .bss.xStart    0x20000dd4        0x8 ./FreeRTOS/portable/MemMang/heap_4.o
 .bss.pxCurrentTCB
                0x20000ddc        0x4 ./FreeRTOS/tasks.o
                0x20000ddc                pxCurrentTCB
 .bss.pxDelayedTaskList
                0x20000de0        0x4 ./FreeRTOS/tasks.o
 .bss.pxOverflowDelayedTaskList
                0x20000de4        0x4 ./FreeRTOS/tasks.o
 .bss.pxReadyTasksLists
                0x20000de8       0x3c ./FreeRTOS/tasks.o
 .bss.uxCurrentNumberOfTasks
                0x20000e24        0x4 ./FreeRTOS/tasks.o
 .bss.uxDeletedTasksWaitingCleanUp
                0x20000e28        0x4 ./FreeRTOS/tasks.o
 .bss.uxPendedTicks
                0x20000e2c        0x4 ./FreeRTOS/tasks.o
 .bss.uxSchedulerSuspended
                0x20000e30        0x4 ./FreeRTOS/tasks.o
 .bss.uxTaskNumber
                0x20000e34        0x4 ./FreeRTOS/tasks.o
 .bss.uxTopReadyPriority
                0x20000e38        0x4 ./FreeRTOS/tasks.o
 .bss.xDelayedTaskList1
                0x20000e3c       0x14 ./FreeRTOS/tasks.o
 .bss.xDelayedTaskList2
                0x20000e50       0x14 ./FreeRTOS/tasks.o
 .bss.xIdleTaskHandle
                0x20000e64        0x4 ./FreeRTOS/tasks.o
 .bss.xNextTaskUnblockTime
                0x20000e68        0x4 ./FreeRTOS/tasks.o
 .bss.xNumOfOverflows
                0x20000e6c        0x4 ./FreeRTOS/tasks.o
 .bss.xPendingReadyList
                0x20000e70       0x14 ./FreeRTOS/tasks.o
 .bss.xSchedulerRunning
                0x20000e84        0x4 ./FreeRTOS/tasks.o
 .bss.xTasksWaitingTermination
                0x20000e88       0x14 ./FreeRTOS/tasks.o
 .bss.xTickCount
                0x20000e9c        0x4 ./FreeRTOS/tasks.o
 .bss.xYieldPending
                0x20000ea0        0x4 ./FreeRTOS/tasks.o
 .bss.__malloc_current_mallinfo
                0x20000ea4       0x28 c:/gmd/toolchain/arm_toolchain/bin/../lib/gcc/arm-none-eabi/8.3.1/../../../../arm-none-eabi/lib/thumb/v7-m/nofp\libg.a(lib_a-mallocr.o)
                0x20000ea4                __malloc_current_mallinfo
 .bss.__malloc_max_sbrked_mem
                0x20000ecc        0x4 c:/gmd/toolchain/arm_toolchain/bin/../lib/gcc/arm-none-eabi/8.3.1/../../../../arm-none-eabi/lib/thumb/v7-m/nofp\libg.a(lib_a-mallocr.o)
                0x20000ecc                __malloc_max_sbrked_mem
 .bss.__malloc_max_total_mem
                0x20000ed0        0x4 c:/gmd/toolchain/arm_toolchain/bin/../lib/gcc/arm-none-eabi/8.3.1/../../../../arm-none-eabi/lib/thumb/v7-m/nofp\libg.a(lib_a-mallocr.o)
                0x20000ed0                __malloc_max_total_mem
 .bss.__malloc_top_pad
                0x20000ed4        0x4 c:/gmd/toolchain/arm_toolchain/bin/../lib/gcc/arm-none-eabi/8.3.1/../../../../arm-none-eabi/lib/thumb/v7-m/nofp\libg.a(lib_a-mallocr.o)
                0x20000ed4                __malloc_top_pad
 .bss.heap_end.4194
                0x20000ed8        0x4 c:/gmd/toolchain/arm_toolchain/bin/../lib/gcc/arm-none-eabi/8.3.1/../../../../arm-none-eabi/lib/thumb/v7-m/nofp\libnosys.a(sbrk.o)
 *(COMMON)
 COMMON         0x20000edc        0x4 ./USER/main.o
                0x20000edc                blinkLedTaskHandler
 COMMON         0x20000ee0       0x21 c:/gmd/toolchain/arm_toolchain/bin/../lib/gcc/arm-none-eabi/8.3.1/../../../../arm-none-eabi/lib/thumb/v7-m/nofp\libg.a(lib_a-lock.o)
                0x20000ee0                __lock___atexit_recursive_mutex
                0x20000ee4                __lock___arc4random_mutex
                0x20000ee8                __lock___env_recursive_mutex
                0x20000eec                __lock___sinit_recursive_mutex
                0x20000ef0                __lock___malloc_recursive_mutex
                0x20000ef4                __lock___at_quick_exit_mutex
                0x20000ef8                __lock___dd_hash_mutex
                0x20000efc                __lock___tz_mutex
                0x20000f00                __lock___sfp_recursive_mutex
 *fill*         0x20000f01        0x3 
 COMMON         0x20000f04        0x4 c:/gmd/toolchain/arm_toolchain/bin/../lib/gcc/arm-none-eabi/8.3.1/../../../../arm-none-eabi/lib/thumb/v7-m/nofp\libg.a(lib_a-reent.o)
                0x20000f04                errno
                0x20000f08                . = ALIGN (0x4)
                0x20000f08                __bss_end__ = .

.heap           0x20000f08     0x1000
                0x20000f08                __end__ = .
                0x20000f08                end = __end__
 *(.heap*)
 .heap          0x20000f08     0x1000 ./STARTUP/startup_GOWIN_M3.o
                0x20000f08                __HeapBase
                0x20001f08                __HeapLimit = .

.stack_dummy    0x20000f08     0x1000
 *(.stack*)
 .stack         0x20000f08     0x1000 ./STARTUP/startup_GOWIN_M3.o
                0x20010000                __StackTop = (ORIGIN (RAM) + LENGTH (RAM))
                0x2000f000                __StackLimit = (__StackTop - SIZEOF (.stack_dummy))
                0x20010000                PROVIDE (__stack = __StackTop)
                0x00000001                ASSERT ((__StackLimit >= __HeapLimit), region RAM overflowed with stack)
OUTPUT(sm3_freertos_app.elf elf32-littlearm)

.ARM.attributes
                0x00000000       0x29
 .ARM.attributes
                0x00000000       0x1d c:/gmd/toolchain/arm_toolchain/bin/../lib/gcc/arm-none-eabi/8.3.1/thumb/v7-m/nofp/crti.o
 .ARM.attributes
                0x0000001d       0x2d ./USER/Common/source/gpioWrapperr.o
 .ARM.attributes
                0x0000004a       0x2d ./USER/Common/source/uartWrapper.o
 .ARM.attributes
                0x00000077       0x2d ./USER/GOWIN_M3_it.o
 .ARM.attributes
                0x000000a4       0x2d ./USER/main.o
 .ARM.attributes
                0x000000d1       0x2d ./SYSTEM/system_GOWIN_M3.o
 .ARM.attributes
                0x000000fe       0x1b ./STARTUP/startup_GOWIN_M3.o
 .ARM.attributes
                0x00000119       0x2d ./PERIPHERALS/Sources/GOWIN_M3_ethernet.o
 .ARM.attributes
                0x00000146       0x2d ./PERIPHERALS/Sources/GOWIN_M3_gpio.o
 .ARM.attributes
                0x00000173       0x2d ./PERIPHERALS/Sources/GOWIN_M3_misc.o
 .ARM.attributes
                0x000001a0       0x2d ./PERIPHERALS/Sources/GOWIN_M3_uart.o
 .ARM.attributes
                0x000001cd       0x2d ./FreeRTOS/portable/MemMang/heap_4.o
 .ARM.attributes
                0x000001fa       0x2d ./FreeRTOS/portable/GNU/ARM_CM3/port.o
 .ARM.attributes
                0x00000227       0x2d ./FreeRTOS/list.o
 .ARM.attributes
                0x00000254       0x2d ./FreeRTOS/tasks.o
 .ARM.attributes
                0x00000281       0x2d c:/gmd/toolchain/arm_toolchain/bin/../lib/gcc/arm-none-eabi/8.3.1/../../../../arm-none-eabi/lib/thumb/v7-m/nofp\libg.a(lib_a-exit.o)
 .ARM.attributes
                0x000002ae       0x2d c:/gmd/toolchain/arm_toolchain/bin/../lib/gcc/arm-none-eabi/8.3.1/../../../../arm-none-eabi/lib/thumb/v7-m/nofp\libg.a(lib_a-impure.o)
 .ARM.attributes
                0x000002db       0x1b c:/gmd/toolchain/arm_toolchain/bin/../lib/gcc/arm-none-eabi/8.3.1/../../../../arm-none-eabi/lib/thumb/v7-m/nofp\libg.a(lib_a-memcpy.o)
 .ARM.attributes
                0x000002f6       0x2d c:/gmd/toolchain/arm_toolchain/bin/../lib/gcc/arm-none-eabi/8.3.1/../../../../arm-none-eabi/lib/thumb/v7-m/nofp\libg.a(lib_a-memset.o)
 .ARM.attributes
                0x00000323       0x2d c:/gmd/toolchain/arm_toolchain/bin/../lib/gcc/arm-none-eabi/8.3.1/../../../../arm-none-eabi/lib/thumb/v7-m/nofp\libg.a(lib_a-sprintf.o)
 .ARM.attributes
                0x00000350       0x2d c:/gmd/toolchain/arm_toolchain/bin/../lib/gcc/arm-none-eabi/8.3.1/../../../../arm-none-eabi/lib/thumb/v7-m/nofp\libg.a(lib_a-svfprintf.o)
 .ARM.attributes
                0x0000037d       0x2d c:/gmd/toolchain/arm_toolchain/bin/../lib/gcc/arm-none-eabi/8.3.1/../../../../arm-none-eabi/lib/thumb/v7-m/nofp\libg.a(lib_a-__call_atexit.o)
 .ARM.attributes
                0x000003aa       0x2d c:/gmd/toolchain/arm_toolchain/bin/../lib/gcc/arm-none-eabi/8.3.1/../../../../arm-none-eabi/lib/thumb/v7-m/nofp\libg.a(lib_a-dtoa.o)
 .ARM.attributes
                0x000003d7       0x2d c:/gmd/toolchain/arm_toolchain/bin/../lib/gcc/arm-none-eabi/8.3.1/../../../../arm-none-eabi/lib/thumb/v7-m/nofp\libg.a(lib_a-freer.o)
 .ARM.attributes
                0x00000404       0x2d c:/gmd/toolchain/arm_toolchain/bin/../lib/gcc/arm-none-eabi/8.3.1/../../../../arm-none-eabi/lib/thumb/v7-m/nofp\libg.a(lib_a-localeconv.o)
 .ARM.attributes
                0x00000431       0x2d c:/gmd/toolchain/arm_toolchain/bin/../lib/gcc/arm-none-eabi/8.3.1/../../../../arm-none-eabi/lib/thumb/v7-m/nofp\libg.a(lib_a-lock.o)
 .ARM.attributes
                0x0000045e       0x2d c:/gmd/toolchain/arm_toolchain/bin/../lib/gcc/arm-none-eabi/8.3.1/../../../../arm-none-eabi/lib/thumb/v7-m/nofp\libg.a(lib_a-mallocr.o)
 .ARM.attributes
                0x0000048b       0x2d c:/gmd/toolchain/arm_toolchain/bin/../lib/gcc/arm-none-eabi/8.3.1/../../../../arm-none-eabi/lib/thumb/v7-m/nofp\libg.a(lib_a-memchr-stub.o)
 .ARM.attributes
                0x000004b8       0x2d c:/gmd/toolchain/arm_toolchain/bin/../lib/gcc/arm-none-eabi/8.3.1/../../../../arm-none-eabi/lib/thumb/v7-m/nofp\libg.a(lib_a-mlock.o)
 .ARM.attributes
                0x000004e5       0x2d c:/gmd/toolchain/arm_toolchain/bin/../lib/gcc/arm-none-eabi/8.3.1/../../../../arm-none-eabi/lib/thumb/v7-m/nofp\libg.a(lib_a-mprec.o)
 .ARM.attributes
                0x00000512       0x2d c:/gmd/toolchain/arm_toolchain/bin/../lib/gcc/arm-none-eabi/8.3.1/../../../../arm-none-eabi/lib/thumb/v7-m/nofp\libg.a(lib_a-s_frexp.o)
 .ARM.attributes
                0x0000053f       0x2d c:/gmd/toolchain/arm_toolchain/bin/../lib/gcc/arm-none-eabi/8.3.1/../../../../arm-none-eabi/lib/thumb/v7-m/nofp\libg.a(lib_a-sbrkr.o)
 .ARM.attributes
                0x0000056c       0x2d c:/gmd/toolchain/arm_toolchain/bin/../lib/gcc/arm-none-eabi/8.3.1/../../../../arm-none-eabi/lib/thumb/v7-m/nofp\libg.a(lib_a-strlen-stub.o)
 .ARM.attributes
                0x00000599       0x2d c:/gmd/toolchain/arm_toolchain/bin/../lib/gcc/arm-none-eabi/8.3.1/../../../../arm-none-eabi/lib/thumb/v7-m/nofp\libg.a(lib_a-strncpy.o)
 .ARM.attributes
                0x000005c6       0x2d c:/gmd/toolchain/arm_toolchain/bin/../lib/gcc/arm-none-eabi/8.3.1/../../../../arm-none-eabi/lib/thumb/v7-m/nofp\libg.a(lib_a-svfiprintf.o)
 .ARM.attributes
                0x000005f3       0x2d c:/gmd/toolchain/arm_toolchain/bin/../lib/gcc/arm-none-eabi/8.3.1/../../../../arm-none-eabi/lib/thumb/v7-m/nofp\libg.a(lib_a-callocr.o)
 .ARM.attributes
                0x00000620       0x2d c:/gmd/toolchain/arm_toolchain/bin/../lib/gcc/arm-none-eabi/8.3.1/../../../../arm-none-eabi/lib/thumb/v7-m/nofp\libg.a(lib_a-locale.o)
 .ARM.attributes
                0x0000064d       0x2d c:/gmd/toolchain/arm_toolchain/bin/../lib/gcc/arm-none-eabi/8.3.1/../../../../arm-none-eabi/lib/thumb/v7-m/nofp\libg.a(lib_a-mbtowc_r.o)
 .ARM.attributes
                0x0000067a       0x2d c:/gmd/toolchain/arm_toolchain/bin/../lib/gcc/arm-none-eabi/8.3.1/../../../../arm-none-eabi/lib/thumb/v7-m/nofp\libg.a(lib_a-memmove.o)
 .ARM.attributes
                0x000006a7       0x2d c:/gmd/toolchain/arm_toolchain/bin/../lib/gcc/arm-none-eabi/8.3.1/../../../../arm-none-eabi/lib/thumb/v7-m/nofp\libg.a(lib_a-reallocr.o)
 .ARM.attributes
                0x000006d4       0x2d c:/gmd/toolchain/arm_toolchain/bin/../lib/gcc/arm-none-eabi/8.3.1/../../../../arm-none-eabi/lib/thumb/v7-m/nofp\libg.a(lib_a-reent.o)
 .ARM.attributes
                0x00000701       0x2d c:/gmd/toolchain/arm_toolchain/bin/../lib/gcc/arm-none-eabi/8.3.1/../../../../arm-none-eabi/lib/thumb/v7-m/nofp\libg.a(lib_a-wctomb_r.o)
 .ARM.attributes
                0x0000072e       0x2d c:/gmd/toolchain/arm_toolchain/bin/../lib/gcc/arm-none-eabi/8.3.1/../../../../arm-none-eabi/lib/thumb/v7-m/nofp\libg.a(lib_a-ctype_.o)
 .ARM.attributes
                0x0000075b       0x1d c:/gmd/toolchain/arm_toolchain/bin/../lib/gcc/arm-none-eabi/8.3.1/thumb/v7-m/nofp\libgcc.a(_arm_addsubdf3.o)
 .ARM.attributes
                0x00000778       0x1d c:/gmd/toolchain/arm_toolchain/bin/../lib/gcc/arm-none-eabi/8.3.1/thumb/v7-m/nofp\libgcc.a(_arm_muldivdf3.o)
 .ARM.attributes
                0x00000795       0x1d c:/gmd/toolchain/arm_toolchain/bin/../lib/gcc/arm-none-eabi/8.3.1/thumb/v7-m/nofp\libgcc.a(_arm_cmpdf2.o)
 .ARM.attributes
                0x000007b2       0x1d c:/gmd/toolchain/arm_toolchain/bin/../lib/gcc/arm-none-eabi/8.3.1/thumb/v7-m/nofp\libgcc.a(_arm_unorddf2.o)
 .ARM.attributes
                0x000007cf       0x1d c:/gmd/toolchain/arm_toolchain/bin/../lib/gcc/arm-none-eabi/8.3.1/thumb/v7-m/nofp\libgcc.a(_arm_fixdfsi.o)
 .ARM.attributes
                0x000007ec       0x1d c:/gmd/toolchain/arm_toolchain/bin/../lib/gcc/arm-none-eabi/8.3.1/thumb/v7-m/nofp\libgcc.a(_aeabi_uldivmod.o)
 .ARM.attributes
                0x00000809       0x2d c:/gmd/toolchain/arm_toolchain/bin/../lib/gcc/arm-none-eabi/8.3.1/thumb/v7-m/nofp\libgcc.a(_udivmoddi4.o)
 .ARM.attributes
                0x00000836       0x1d c:/gmd/toolchain/arm_toolchain/bin/../lib/gcc/arm-none-eabi/8.3.1/thumb/v7-m/nofp\libgcc.a(_dvmd_tls.o)
 .ARM.attributes
                0x00000853       0x2d c:/gmd/toolchain/arm_toolchain/bin/../lib/gcc/arm-none-eabi/8.3.1/../../../../arm-none-eabi/lib/thumb/v7-m/nofp\libnosys.a(sbrk.o)
 .ARM.attributes
                0x00000880       0x2d c:/gmd/toolchain/arm_toolchain/bin/../lib/gcc/arm-none-eabi/8.3.1/../../../../arm-none-eabi/lib/thumb/v7-m/nofp\libnosys.a(_exit.o)

.comment        0x00000000       0x76
 .comment       0x00000000       0x76 ./USER/Common/source/gpioWrapperr.o
                                 0x77 (size before relaxing)
 .comment       0x00000076       0x77 ./USER/Common/source/uartWrapper.o
 .comment       0x00000076       0x77 ./USER/GOWIN_M3_it.o
 .comment       0x00000076       0x77 ./USER/main.o
 .comment       0x00000076       0x77 ./SYSTEM/system_GOWIN_M3.o
 .comment       0x00000076       0x77 ./PERIPHERALS/Sources/GOWIN_M3_ethernet.o
 .comment       0x00000076       0x77 ./PERIPHERALS/Sources/GOWIN_M3_gpio.o
 .comment       0x00000076       0x77 ./PERIPHERALS/Sources/GOWIN_M3_misc.o
 .comment       0x00000076       0x77 ./PERIPHERALS/Sources/GOWIN_M3_uart.o
 .comment       0x00000076       0x77 ./FreeRTOS/portable/MemMang/heap_4.o
 .comment       0x00000076       0x77 ./FreeRTOS/portable/GNU/ARM_CM3/port.o
 .comment       0x00000076       0x77 ./FreeRTOS/list.o
 .comment       0x00000076       0x77 ./FreeRTOS/tasks.o

.debug_info     0x00000000     0x8784
 .debug_info    0x00000000      0xccf ./USER/Common/source/gpioWrapperr.o
 .debug_info    0x00000ccf      0x356 ./USER/Common/source/uartWrapper.o
 .debug_info    0x00001025      0x69f ./USER/GOWIN_M3_it.o
 .debug_info    0x000016c4      0xde6 ./USER/main.o
 .debug_info    0x000024aa       0xd8 ./SYSTEM/system_GOWIN_M3.o
 .debug_info    0x00002582       0x26 ./STARTUP/startup_GOWIN_M3.o
 .debug_info    0x000025a8      0xf37 ./PERIPHERALS/Sources/GOWIN_M3_ethernet.o
 .debug_info    0x000034df      0x754 ./PERIPHERALS/Sources/GOWIN_M3_gpio.o
 .debug_info    0x00003c33      0x513 ./PERIPHERALS/Sources/GOWIN_M3_misc.o
 .debug_info    0x00004146      0x6a8 ./PERIPHERALS/Sources/GOWIN_M3_uart.o
 .debug_info    0x000047ee      0xd0f ./FreeRTOS/portable/MemMang/heap_4.o
 .debug_info    0x000054fd      0x394 ./FreeRTOS/portable/GNU/ARM_CM3/port.o
 .debug_info    0x00005891      0xba7 ./FreeRTOS/list.o
 .debug_info    0x00006438     0x234c ./FreeRTOS/tasks.o

.debug_abbrev   0x00000000     0x1e02
 .debug_abbrev  0x00000000      0x2a3 ./USER/Common/source/gpioWrapperr.o
 .debug_abbrev  0x000002a3      0x168 ./USER/Common/source/uartWrapper.o
 .debug_abbrev  0x0000040b      0x162 ./USER/GOWIN_M3_it.o
 .debug_abbrev  0x0000056d      0x333 ./USER/main.o
 .debug_abbrev  0x000008a0       0x92 ./SYSTEM/system_GOWIN_M3.o
 .debug_abbrev  0x00000932       0x14 ./STARTUP/startup_GOWIN_M3.o
 .debug_abbrev  0x00000946      0x2bd ./PERIPHERALS/Sources/GOWIN_M3_ethernet.o
 .debug_abbrev  0x00000c03      0x1f4 ./PERIPHERALS/Sources/GOWIN_M3_gpio.o
 .debug_abbrev  0x00000df7      0x1c1 ./PERIPHERALS/Sources/GOWIN_M3_misc.o
 .debug_abbrev  0x00000fb8      0x1f6 ./PERIPHERALS/Sources/GOWIN_M3_uart.o
 .debug_abbrev  0x000011ae      0x372 ./FreeRTOS/portable/MemMang/heap_4.o
 .debug_abbrev  0x00001520      0x22c ./FreeRTOS/portable/GNU/ARM_CM3/port.o
 .debug_abbrev  0x0000174c      0x24c ./FreeRTOS/list.o
 .debug_abbrev  0x00001998      0x46a ./FreeRTOS/tasks.o

.debug_loc      0x00000000     0x2358
 .debug_loc     0x00000000      0x180 ./USER/Common/source/gpioWrapperr.o
 .debug_loc     0x00000180       0x8a ./USER/Common/source/uartWrapper.o
 .debug_loc     0x0000020a       0x5c ./USER/main.o
 .debug_loc     0x00000266      0x1fe ./PERIPHERALS/Sources/GOWIN_M3_ethernet.o
 .debug_loc     0x00000464      0x2e8 ./PERIPHERALS/Sources/GOWIN_M3_gpio.o
 .debug_loc     0x0000074c      0x169 ./PERIPHERALS/Sources/GOWIN_M3_misc.o
 .debug_loc     0x000008b5      0x268 ./PERIPHERALS/Sources/GOWIN_M3_uart.o
 .debug_loc     0x00000b1d      0x43e ./FreeRTOS/portable/MemMang/heap_4.o
 .debug_loc     0x00000f5b       0xbe ./FreeRTOS/portable/GNU/ARM_CM3/port.o
 .debug_loc     0x00001019       0x86 ./FreeRTOS/list.o
 .debug_loc     0x0000109f     0x12b9 ./FreeRTOS/tasks.o

.debug_aranges  0x00000000      0x688
 .debug_aranges
                0x00000000       0x30 ./USER/Common/source/gpioWrapperr.o
 .debug_aranges
                0x00000030       0x30 ./USER/Common/source/uartWrapper.o
 .debug_aranges
                0x00000060      0x190 ./USER/GOWIN_M3_it.o
 .debug_aranges
                0x000001f0       0x28 ./USER/main.o
 .debug_aranges
                0x00000218       0x28 ./SYSTEM/system_GOWIN_M3.o
 .debug_aranges
                0x00000240       0x20 ./STARTUP/startup_GOWIN_M3.o
 .debug_aranges
                0x00000260       0x60 ./PERIPHERALS/Sources/GOWIN_M3_ethernet.o
 .debug_aranges
                0x000002c0       0xb8 ./PERIPHERALS/Sources/GOWIN_M3_gpio.o
 .debug_aranges
                0x00000378       0x38 ./PERIPHERALS/Sources/GOWIN_M3_misc.o
 .debug_aranges
                0x000003b0       0xc0 ./PERIPHERALS/Sources/GOWIN_M3_uart.o
 .debug_aranges
                0x00000470       0x48 ./FreeRTOS/portable/MemMang/heap_4.o
 .debug_aranges
                0x000004b8       0x70 ./FreeRTOS/portable/GNU/ARM_CM3/port.o
 .debug_aranges
                0x00000528       0x40 ./FreeRTOS/list.o
 .debug_aranges
                0x00000568      0x120 ./FreeRTOS/tasks.o

.debug_ranges   0x00000000      0x670
 .debug_ranges  0x00000000       0x38 ./USER/Common/source/gpioWrapperr.o
 .debug_ranges  0x00000038       0x20 ./USER/Common/source/uartWrapper.o
 .debug_ranges  0x00000058      0x180 ./USER/GOWIN_M3_it.o
 .debug_ranges  0x000001d8       0x30 ./USER/main.o
 .debug_ranges  0x00000208       0x18 ./SYSTEM/system_GOWIN_M3.o
 .debug_ranges  0x00000220       0x50 ./PERIPHERALS/Sources/GOWIN_M3_ethernet.o
 .debug_ranges  0x00000270       0xa8 ./PERIPHERALS/Sources/GOWIN_M3_gpio.o
 .debug_ranges  0x00000318       0x28 ./PERIPHERALS/Sources/GOWIN_M3_misc.o
 .debug_ranges  0x00000340       0xb0 ./PERIPHERALS/Sources/GOWIN_M3_uart.o
 .debug_ranges  0x000003f0       0x38 ./FreeRTOS/portable/MemMang/heap_4.o
 .debug_ranges  0x00000428       0x60 ./FreeRTOS/portable/GNU/ARM_CM3/port.o
 .debug_ranges  0x00000488       0x30 ./FreeRTOS/list.o
 .debug_ranges  0x000004b8      0x1b8 ./FreeRTOS/tasks.o

.debug_macro    0x00000000     0x3ce4
 .debug_macro   0x00000000      0x26d ./USER/Common/source/gpioWrapperr.o
 .debug_macro   0x0000026d       0x22 ./USER/Common/source/gpioWrapperr.o
 .debug_macro   0x0000028f       0x58 ./USER/Common/source/gpioWrapperr.o
 .debug_macro   0x000002e7       0x18 ./USER/Common/source/gpioWrapperr.o
 .debug_macro   0x000002ff       0x94 ./USER/Common/source/gpioWrapperr.o
 .debug_macro   0x00000393       0x35 ./USER/Common/source/gpioWrapperr.o
 .debug_macro   0x000003c8       0x34 ./USER/Common/source/gpioWrapperr.o
 .debug_macro   0x000003fc       0x16 ./USER/Common/source/gpioWrapperr.o
 .debug_macro   0x00000412       0x57 ./USER/Common/source/gpioWrapperr.o
 .debug_macro   0x00000469       0x97 ./USER/Common/source/gpioWrapperr.o
 .debug_macro   0x00000500      0x339 ./USER/Common/source/gpioWrapperr.o
 .debug_macro   0x00000839       0xfd ./USER/Common/source/gpioWrapperr.o
 .debug_macro   0x00000936       0x10 ./USER/Common/source/gpioWrapperr.o
 .debug_macro   0x00000946       0x16 ./USER/Common/source/gpioWrapperr.o
 .debug_macro   0x0000095c       0x43 ./USER/Common/source/gpioWrapperr.o
 .debug_macro   0x0000099f       0x34 ./USER/Common/source/gpioWrapperr.o
 .debug_macro   0x000009d3       0x10 ./USER/Common/source/gpioWrapperr.o
 .debug_macro   0x000009e3       0x58 ./USER/Common/source/gpioWrapperr.o
 .debug_macro   0x00000a3b      0x182 ./USER/Common/source/gpioWrapperr.o
 .debug_macro   0x00000bbd       0x10 ./USER/Common/source/gpioWrapperr.o
 .debug_macro   0x00000bcd       0x1c ./USER/Common/source/gpioWrapperr.o
 .debug_macro   0x00000be9       0x52 ./USER/Common/source/gpioWrapperr.o
 .debug_macro   0x00000c3b       0x40 ./USER/Common/source/gpioWrapperr.o
 .debug_macro   0x00000c7b       0x10 ./USER/Common/source/gpioWrapperr.o
 .debug_macro   0x00000c8b       0x40 ./USER/Common/source/gpioWrapperr.o
 .debug_macro   0x00000ccb       0xd5 ./USER/Common/source/gpioWrapperr.o
 .debug_macro   0x00000da0       0x1c ./USER/Common/source/gpioWrapperr.o
 .debug_macro   0x00000dbc       0x3d ./USER/Common/source/gpioWrapperr.o
 .debug_macro   0x00000df9       0x16 ./USER/Common/source/gpioWrapperr.o
 .debug_macro   0x00000e0f      0x16f ./USER/Common/source/gpioWrapperr.o
 .debug_macro   0x00000f7e      0x116 ./USER/Common/source/uartWrapper.o
 .debug_macro   0x00001094      0x7d5 ./USER/Common/source/uartWrapper.o
 .debug_macro   0x00001869      0x182 ./USER/GOWIN_M3_it.o
 .debug_macro   0x000019eb      0x174 ./USER/GOWIN_M3_it.o
 .debug_macro   0x00001b5f       0xc4 ./USER/GOWIN_M3_it.o
 .debug_macro   0x00001c23      0x15a ./USER/GOWIN_M3_it.o
 .debug_macro   0x00001d7d       0xdd ./USER/GOWIN_M3_it.o
 .debug_macro   0x00001e5a       0x1c ./USER/GOWIN_M3_it.o
 .debug_macro   0x00001e76       0x26 ./USER/GOWIN_M3_it.o
 .debug_macro   0x00001e9c      0x520 ./USER/GOWIN_M3_it.o
 .debug_macro   0x000023bc       0xb5 ./USER/GOWIN_M3_it.o
 .debug_macro   0x00002471       0xaa ./USER/GOWIN_M3_it.o
 .debug_macro   0x0000251b      0x30e ./USER/main.o
 .debug_macro   0x00002829       0x10 ./USER/main.o
 .debug_macro   0x00002839      0x117 ./SYSTEM/system_GOWIN_M3.o
 .debug_macro   0x00002950      0x265 ./PERIPHERALS/Sources/GOWIN_M3_ethernet.o
 .debug_macro   0x00002bb5       0x70 ./PERIPHERALS/Sources/GOWIN_M3_ethernet.o
 .debug_macro   0x00002c25       0x5e ./PERIPHERALS/Sources/GOWIN_M3_ethernet.o
 .debug_macro   0x00002c83      0x115 ./PERIPHERALS/Sources/GOWIN_M3_gpio.o
 .debug_macro   0x00002d98       0x6a ./PERIPHERALS/Sources/GOWIN_M3_gpio.o
 .debug_macro   0x00002e02      0x11b ./PERIPHERALS/Sources/GOWIN_M3_misc.o
 .debug_macro   0x00002f1d       0x2e ./PERIPHERALS/Sources/GOWIN_M3_misc.o
 .debug_macro   0x00002f4b      0x115 ./PERIPHERALS/Sources/GOWIN_M3_uart.o
 .debug_macro   0x00003060       0x34 ./PERIPHERALS/Sources/GOWIN_M3_uart.o
 .debug_macro   0x00003094      0x248 ./FreeRTOS/portable/MemMang/heap_4.o
 .debug_macro   0x000032dc       0x16 ./FreeRTOS/portable/MemMang/heap_4.o
 .debug_macro   0x000032f2      0x10e ./FreeRTOS/portable/MemMang/heap_4.o
 .debug_macro   0x00003400       0x8d ./FreeRTOS/portable/MemMang/heap_4.o
 .debug_macro   0x0000348d       0x16 ./FreeRTOS/portable/MemMang/heap_4.o
 .debug_macro   0x000034a3       0x29 ./FreeRTOS/portable/MemMang/heap_4.o
 .debug_macro   0x000034cc       0xbe ./FreeRTOS/portable/MemMang/heap_4.o
 .debug_macro   0x0000358a      0x21b ./FreeRTOS/portable/GNU/ARM_CM3/port.o
 .debug_macro   0x000037a5      0x221 ./FreeRTOS/list.o
 .debug_macro   0x000039c6      0x30e ./FreeRTOS/tasks.o
 .debug_macro   0x00003cd4       0x10 ./FreeRTOS/tasks.o

.debug_line     0x00000000     0x62c3
 .debug_line    0x00000000      0x58a ./USER/Common/source/gpioWrapperr.o
 .debug_line    0x0000058a      0x441 ./USER/Common/source/uartWrapper.o
 .debug_line    0x000009cb      0x8ca ./USER/GOWIN_M3_it.o
 .debug_line    0x00001295      0x6ae ./USER/main.o
 .debug_line    0x00001943      0x3b7 ./SYSTEM/system_GOWIN_M3.o
 .debug_line    0x00001cfa       0xaa ./STARTUP/startup_GOWIN_M3.o
 .debug_line    0x00001da4      0x79b ./PERIPHERALS/Sources/GOWIN_M3_ethernet.o
 .debug_line    0x0000253f      0x784 ./PERIPHERALS/Sources/GOWIN_M3_gpio.o
 .debug_line    0x00002cc3      0x468 ./PERIPHERALS/Sources/GOWIN_M3_misc.o
 .debug_line    0x0000312b      0x6b9 ./PERIPHERALS/Sources/GOWIN_M3_uart.o
 .debug_line    0x000037e4      0x872 ./FreeRTOS/portable/MemMang/heap_4.o
 .debug_line    0x00004056      0x6ca ./FreeRTOS/portable/GNU/ARM_CM3/port.o
 .debug_line    0x00004720      0x6bd ./FreeRTOS/list.o
 .debug_line    0x00004ddd     0x14e6 ./FreeRTOS/tasks.o

.debug_str      0x00000000    0x137dd
 .debug_str     0x00000000     0xc8ac ./USER/Common/source/gpioWrapperr.o
                               0xcb0c (size before relaxing)
 .debug_str     0x0000c8ac      0x199 ./USER/Common/source/uartWrapper.o
                               0x8913 (size before relaxing)
 .debug_str     0x0000ca45     0x4202 ./USER/GOWIN_M3_it.o
                               0xcc7e (size before relaxing)
 .debug_str     0x00010c47      0x253 ./USER/main.o
                              0x109c9 (size before relaxing)
 .debug_str     0x00010e9a       0x6d ./SYSTEM/system_GOWIN_M3.o
                               0x87c6 (size before relaxing)
 .debug_str     0x00010f07       0x2c ./STARTUP/startup_GOWIN_M3.o
                                 0x59 (size before relaxing)
 .debug_str     0x00010f33      0x15d ./PERIPHERALS/Sources/GOWIN_M3_ethernet.o
                               0xcb72 (size before relaxing)
 .debug_str     0x00011090      0x15c ./PERIPHERALS/Sources/GOWIN_M3_gpio.o
                               0x8a8a (size before relaxing)
 .debug_str     0x000111ec      0x201 ./PERIPHERALS/Sources/GOWIN_M3_misc.o
                               0x89cb (size before relaxing)
 .debug_str     0x000113ed      0x203 ./PERIPHERALS/Sources/GOWIN_M3_uart.o
                               0x8aab (size before relaxing)
 .debug_str     0x000115f0      0x39a ./FreeRTOS/portable/MemMang/heap_4.o
                               0xf71b (size before relaxing)
 .debug_str     0x0001198a      0x668 ./FreeRTOS/portable/GNU/ARM_CM3/port.o
                               0xcec0 (size before relaxing)
 .debug_str     0x00011ff2      0x112 ./FreeRTOS/list.o
                               0xef28 (size before relaxing)
 .debug_str     0x00012104     0x16d9 ./FreeRTOS/tasks.o
                              0x10e89 (size before relaxing)

.debug_frame    0x00000000     0x19a4
 .debug_frame   0x00000000       0x68 ./USER/Common/source/gpioWrapperr.o
 .debug_frame   0x00000068       0x5c ./USER/Common/source/uartWrapper.o
 .debug_frame   0x000000c4      0x310 ./USER/GOWIN_M3_it.o
 .debug_frame   0x000003d4       0x50 ./USER/main.o
 .debug_frame   0x00000424       0x30 ./SYSTEM/system_GOWIN_M3.o
 .debug_frame   0x00000454       0xc4 ./PERIPHERALS/Sources/GOWIN_M3_ethernet.o
 .debug_frame   0x00000518      0x164 ./PERIPHERALS/Sources/GOWIN_M3_gpio.o
 .debug_frame   0x0000067c       0x5c ./PERIPHERALS/Sources/GOWIN_M3_misc.o
 .debug_frame   0x000006d8      0x16c ./PERIPHERALS/Sources/GOWIN_M3_uart.o
 .debug_frame   0x00000844       0x98 ./FreeRTOS/portable/MemMang/heap_4.o
 .debug_frame   0x000008dc       0xd8 ./FreeRTOS/portable/GNU/ARM_CM3/port.o
 .debug_frame   0x000009b4       0x6c ./FreeRTOS/list.o
 .debug_frame   0x00000a20      0x330 ./FreeRTOS/tasks.o
 .debug_frame   0x00000d50       0x28 c:/gmd/toolchain/arm_toolchain/bin/../lib/gcc/arm-none-eabi/8.3.1/../../../../arm-none-eabi/lib/thumb/v7-m/nofp\libg.a(lib_a-exit.o)
 .debug_frame   0x00000d78       0x38 c:/gmd/toolchain/arm_toolchain/bin/../lib/gcc/arm-none-eabi/8.3.1/../../../../arm-none-eabi/lib/thumb/v7-m/nofp\libg.a(lib_a-memset.o)
 .debug_frame   0x00000db0       0x80 c:/gmd/toolchain/arm_toolchain/bin/../lib/gcc/arm-none-eabi/8.3.1/../../../../arm-none-eabi/lib/thumb/v7-m/nofp\libg.a(lib_a-sprintf.o)
 .debug_frame   0x00000e30       0x44 c:/gmd/toolchain/arm_toolchain/bin/../lib/gcc/arm-none-eabi/8.3.1/../../../../arm-none-eabi/lib/thumb/v7-m/nofp\libg.a(lib_a-svfprintf.o)
 .debug_frame   0x00000e74       0x5c c:/gmd/toolchain/arm_toolchain/bin/../lib/gcc/arm-none-eabi/8.3.1/../../../../arm-none-eabi/lib/thumb/v7-m/nofp\libg.a(lib_a-__call_atexit.o)
 .debug_frame   0x00000ed0       0x8c c:/gmd/toolchain/arm_toolchain/bin/../lib/gcc/arm-none-eabi/8.3.1/../../../../arm-none-eabi/lib/thumb/v7-m/nofp\libg.a(lib_a-dtoa.o)
 .debug_frame   0x00000f5c       0x8c c:/gmd/toolchain/arm_toolchain/bin/../lib/gcc/arm-none-eabi/8.3.1/../../../../arm-none-eabi/lib/thumb/v7-m/nofp\libg.a(lib_a-freer.o)
 .debug_frame   0x00000fe8       0x40 c:/gmd/toolchain/arm_toolchain/bin/../lib/gcc/arm-none-eabi/8.3.1/../../../../arm-none-eabi/lib/thumb/v7-m/nofp\libg.a(lib_a-localeconv.o)
 .debug_frame   0x00001028       0xb0 c:/gmd/toolchain/arm_toolchain/bin/../lib/gcc/arm-none-eabi/8.3.1/../../../../arm-none-eabi/lib/thumb/v7-m/nofp\libg.a(lib_a-lock.o)
 .debug_frame   0x000010d8       0x4c c:/gmd/toolchain/arm_toolchain/bin/../lib/gcc/arm-none-eabi/8.3.1/../../../../arm-none-eabi/lib/thumb/v7-m/nofp\libg.a(lib_a-mallocr.o)
 .debug_frame   0x00001124       0x34 c:/gmd/toolchain/arm_toolchain/bin/../lib/gcc/arm-none-eabi/8.3.1/../../../../arm-none-eabi/lib/thumb/v7-m/nofp\libg.a(lib_a-memchr-stub.o)
 .debug_frame   0x00001158       0x30 c:/gmd/toolchain/arm_toolchain/bin/../lib/gcc/arm-none-eabi/8.3.1/../../../../arm-none-eabi/lib/thumb/v7-m/nofp\libg.a(lib_a-mlock.o)
 .debug_frame   0x00001188      0x260 c:/gmd/toolchain/arm_toolchain/bin/../lib/gcc/arm-none-eabi/8.3.1/../../../../arm-none-eabi/lib/thumb/v7-m/nofp\libg.a(lib_a-mprec.o)
 .debug_frame   0x000013e8       0x30 c:/gmd/toolchain/arm_toolchain/bin/../lib/gcc/arm-none-eabi/8.3.1/../../../../arm-none-eabi/lib/thumb/v7-m/nofp\libg.a(lib_a-s_frexp.o)
 .debug_frame   0x00001418       0x2c c:/gmd/toolchain/arm_toolchain/bin/../lib/gcc/arm-none-eabi/8.3.1/../../../../arm-none-eabi/lib/thumb/v7-m/nofp\libg.a(lib_a-sbrkr.o)
 .debug_frame   0x00001444       0x20 c:/gmd/toolchain/arm_toolchain/bin/../lib/gcc/arm-none-eabi/8.3.1/../../../../arm-none-eabi/lib/thumb/v7-m/nofp\libg.a(lib_a-strlen-stub.o)
 .debug_frame   0x00001464       0x38 c:/gmd/toolchain/arm_toolchain/bin/../lib/gcc/arm-none-eabi/8.3.1/../../../../arm-none-eabi/lib/thumb/v7-m/nofp\libg.a(lib_a-strncpy.o)
 .debug_frame   0x0000149c       0x78 c:/gmd/toolchain/arm_toolchain/bin/../lib/gcc/arm-none-eabi/8.3.1/../../../../arm-none-eabi/lib/thumb/v7-m/nofp\libg.a(lib_a-svfiprintf.o)
 .debug_frame   0x00001514       0x28 c:/gmd/toolchain/arm_toolchain/bin/../lib/gcc/arm-none-eabi/8.3.1/../../../../arm-none-eabi/lib/thumb/v7-m/nofp\libg.a(lib_a-callocr.o)
 .debug_frame   0x0000153c       0x54 c:/gmd/toolchain/arm_toolchain/bin/../lib/gcc/arm-none-eabi/8.3.1/../../../../arm-none-eabi/lib/thumb/v7-m/nofp\libg.a(lib_a-locale.o)
 .debug_frame   0x00001590       0x4c c:/gmd/toolchain/arm_toolchain/bin/../lib/gcc/arm-none-eabi/8.3.1/../../../../arm-none-eabi/lib/thumb/v7-m/nofp\libg.a(lib_a-mbtowc_r.o)
 .debug_frame   0x000015dc       0x40 c:/gmd/toolchain/arm_toolchain/bin/../lib/gcc/arm-none-eabi/8.3.1/../../../../arm-none-eabi/lib/thumb/v7-m/nofp\libg.a(lib_a-memmove.o)
 .debug_frame   0x0000161c       0x48 c:/gmd/toolchain/arm_toolchain/bin/../lib/gcc/arm-none-eabi/8.3.1/../../../../arm-none-eabi/lib/thumb/v7-m/nofp\libg.a(lib_a-reallocr.o)
 .debug_frame   0x00001664       0x60 c:/gmd/toolchain/arm_toolchain/bin/../lib/gcc/arm-none-eabi/8.3.1/../../../../arm-none-eabi/lib/thumb/v7-m/nofp\libg.a(lib_a-reent.o)
 .debug_frame   0x000016c4       0x3c c:/gmd/toolchain/arm_toolchain/bin/../lib/gcc/arm-none-eabi/8.3.1/../../../../arm-none-eabi/lib/thumb/v7-m/nofp\libg.a(lib_a-wctomb_r.o)
 .debug_frame   0x00001700       0xac c:/gmd/toolchain/arm_toolchain/bin/../lib/gcc/arm-none-eabi/8.3.1/thumb/v7-m/nofp\libgcc.a(_arm_addsubdf3.o)
 .debug_frame   0x000017ac       0x50 c:/gmd/toolchain/arm_toolchain/bin/../lib/gcc/arm-none-eabi/8.3.1/thumb/v7-m/nofp\libgcc.a(_arm_muldivdf3.o)
 .debug_frame   0x000017fc       0xc4 c:/gmd/toolchain/arm_toolchain/bin/../lib/gcc/arm-none-eabi/8.3.1/thumb/v7-m/nofp\libgcc.a(_arm_cmpdf2.o)
 .debug_frame   0x000018c0       0x20 c:/gmd/toolchain/arm_toolchain/bin/../lib/gcc/arm-none-eabi/8.3.1/thumb/v7-m/nofp\libgcc.a(_arm_unorddf2.o)
 .debug_frame   0x000018e0       0x24 c:/gmd/toolchain/arm_toolchain/bin/../lib/gcc/arm-none-eabi/8.3.1/thumb/v7-m/nofp\libgcc.a(_arm_fixdfsi.o)
 .debug_frame   0x00001904       0x2c c:/gmd/toolchain/arm_toolchain/bin/../lib/gcc/arm-none-eabi/8.3.1/thumb/v7-m/nofp\libgcc.a(_aeabi_uldivmod.o)
 .debug_frame   0x00001930       0x34 c:/gmd/toolchain/arm_toolchain/bin/../lib/gcc/arm-none-eabi/8.3.1/thumb/v7-m/nofp\libgcc.a(_udivmoddi4.o)
 .debug_frame   0x00001964       0x20 c:/gmd/toolchain/arm_toolchain/bin/../lib/gcc/arm-none-eabi/8.3.1/../../../../arm-none-eabi/lib/thumb/v7-m/nofp\libnosys.a(sbrk.o)
 .debug_frame   0x00001984       0x20 c:/gmd/toolchain/arm_toolchain/bin/../lib/gcc/arm-none-eabi/8.3.1/../../../../arm-none-eabi/lib/thumb/v7-m/nofp\libnosys.a(_exit.o)
